C51 COMPILER V9.57.0.0   MAIN                                                              09/08/2019 11:23:12 PAGE 1   


C51 COMPILER V9.57.0.0, COMPILATION OF MODULE MAIN
OBJECT MODULE PLACED IN .\Objects\main.obj
COMPILER INVOKED BY: E:\keil\install\C51\BIN\C51.EXE main.c OPTIMIZE(8,SPEED) BROWSE DEBUG OBJECTEXTEND PRINT(.\Listings
                    -\main.lst) TABS(2) OBJECT(.\Objects\main.obj)

line level    source

   1          /**********************实验测试程序************************
   2          *  平台：BST-V51 + Keil U5 + STC89C52RC
   3          *  名称：外部中断实验
   4          *  日期：2019-9-8
   5          *  姓名：ZhangHJ
   6          *  说明：矩阵键盘外部中断控制LED显示
   7          ***********************************************************/
   8          #include<reg52.h>
   9          
  10          /**********************************************************
  11          *  函数名称：外部中断下降沿触发测试函数
  12          *  日期：2019-9-8
  13          *  姓名：ZhangHJ
  14          *  说明：首先EA、EX0使整体中断和外部中断使能
  15          *        IT0 表示INT0下降沿触发
  16          *        INT0 在引脚图中,是P3.2引脚,对应矩阵键盘的第三行
  17          *        首先将P3.2拉高,P3高四位置0.
  18          *        这样的话,按下矩阵按键的第三行的某一个按键,P3.2就会被置0.s
  19          *        P3.2的INT0下降沿触发INT_KEY()函数,实现P1LED灯的转换过程.
  20          *        可以设置IT0 = 0,表示INT0低电平触发方式。
  21          ***********************************************************/
  22          int main()
  23          {
  24   1        EA = 1;     //整体中断允许
  25   1        EX0 = 1;    //INT0中断允许
  26   1        //IT0 = 1;    //INT0下降沿触发
  27   1        IT0 = 0;    //INT0低电平触发
  28   1        P1 = 0xf0;  //1111 0000
  29   1        P3 = 0x0f;  //先拉高P3.2
  30   1        while(1);
  31   1      }
  32          
  33          
  34          void INT_KEY() interrupt 0
  35          {
  36   1        P1 = ~P1;
  37   1      }


MODULE INFORMATION:   STATIC OVERLAYABLE
   CODE SIZE        =     18    ----
   CONSTANT SIZE    =   ----    ----
   XDATA SIZE       =   ----    ----
   PDATA SIZE       =   ----    ----
   DATA SIZE        =   ----    ----
   IDATA SIZE       =   ----    ----
   BIT SIZE         =   ----    ----
END OF MODULE INFORMATION.


C51 COMPILATION COMPLETE.  0 WARNING(S),  0 ERROR(S)
